Component: ARM Compiler 5.05 update 1 (build 106) Tool: armlink [4d0efa]

==============================================================================

Section Cross References

    main.o(.text) refers to os_mutex.o(.text) for OSMutexPend
    main.o(.text) refers to printfa.o(i.__0vprintf) for vprintf
    main.o(.text) refers to delay.o(.text) for delay_ms
    main.o(.text) refers to os_time.o(.text) for OSTimeDlyHMSM
    main.o(.text) refers to cjson.o(.text) for cJSON_CreateObject
    main.o(.text) refers to dflti.o(.text) for __aeabi_i2d
    main.o(.text) refers to strcat.o(.text) for strcat
    main.o(.text) refers to mallocr.o(i.__free$realloc) for free
    main.o(.text) refers to mallocr.o(i.__malloc$realloc) for malloc
    main.o(.text) refers to os_pend_multi.o(.text) for OSPendMulti
    main.o(.text) refers to strstr.o(.text) for strstr
    main.o(.text) refers to printfa.o(i.__0sprintf) for __2sprintf
    main.o(.text) refers to os_q.o(.text) for OSQPend
    main.o(.text) refers to dht11.o(.text) for DHT11_Read_Data
    main.o(.text) refers to oled.o(.text) for OLED_ShowString
    main.o(.text) refers to cpu_core.o(.text) for CPU_Init
    main.o(.text) refers to os_stat.o(.text) for OSStatTaskCPUUsageInit
    main.o(.text) refers to os_core.o(.text) for OSSchedRoundRobinCfg
    main.o(.text) refers to cpu_a.o(.text) for CPU_SR_Save
    main.o(.text) refers to main.o(.bss) for g_mutex_printf
    main.o(.text) refers to main.o(.data) for node1
    main.o(.text) refers to usart.o(.data) for USART_RX_STA
    main.o(.text) refers to usart.o(.bss) for USART_RX_BUF
    main.o(.text) refers to usart2.o(.data) for USART2_RX_STA
    main.o(.text) refers to usart2.o(.bss) for USART2_RX_BUF
    main.o(.text) refers to os_var.o(.data) for OSSchedLockNestingCtr
    main.o(.text) refers to os_flag.o(.text) for OSFlagCreate
    main.o(.text) refers to os_sem.o(.text) for OSSemCreate
    main.o(.text) refers to os_task.o(.text) for OSTaskCreate
    main.o(.text) refers to misc.o(.text) for NVIC_PriorityGroupConfig
    main.o(.text) refers to usart.o(.text) for uart_init
    main.o(.text) refers to usart2.o(.text) for usart2_init
    main.o(.text) refers to led.o(.text) for LED_Init
    system_stm32f10x.o(.text) refers to system_stm32f10x.o(.data) for SystemCoreClock
    dht11.o(.text) refers to delay.o(.text) for delay_ms
    dht11.o(.text) refers to stm32f10x_rcc.o(.text) for RCC_APB2PeriphClockCmd
    dht11.o(.text) refers to stm32f10x_gpio.o(.text) for GPIO_Init
    led.o(.text) refers to stm32f10x_rcc.o(.text) for RCC_APB2PeriphClockCmd
    led.o(.text) refers to stm32f10x_gpio.o(.text) for GPIO_Init
    oled.o(.text) refers to stm32f10x_gpio.o(.text) for GPIO_Init
    oled.o(.text) refers to delay.o(.text) for delay_us
    oled.o(.text) refers to oled.o(.data) for GPIO_InitStructure
    oled.o(.text) refers to oled.o(.constdata) for F8X16
    oled.o(.text) refers to stm32f10x_rcc.o(.text) for RCC_APB2PeriphClockCmd
    usart2.o(.text) refers to stm32f10x_rcc.o(.text) for RCC_APB2PeriphClockCmd
    usart2.o(.text) refers to stm32f10x_gpio.o(.text) for GPIO_Init
    usart2.o(.text) refers to misc.o(.text) for NVIC_Init
    usart2.o(.text) refers to stm32f10x_usart.o(.text) for USART_Init
    usart2.o(.text) refers to os_core.o(.text) for OSIntEnter
    usart2.o(.text) refers to os_q.o(.text) for OSQPost
    usart2.o(.text) refers to printfa.o(i.__0printf) for __2printf
    usart2.o(.text) refers to printfa.o(i.__0vsprintf) for vsprintf
    usart2.o(.text) refers to strlen.o(.text) for strlen
    usart2.o(.text) refers to usart2.o(.data) for USART2_RX_STA
    usart2.o(.text) refers to usart2.o(.bss) for USART2_RX_BUF
    usart2.o(.text) refers to main.o(.bss) for g_queue_usart2
    rc522.o(.text) refers to stm32f10x_gpio.o(.text) for GPIO_SetBits
    rc522.o(.text) refers to delay.o(.text) for delay_us
    rc522.o(.text) refers to printfa.o(i.__0printf) for __2printf
    rc522.o(.text) refers to stm32f10x_rcc.o(.text) for RCC_APB2PeriphClockCmd
    rc522.o(.text) refers to memcpya.o(.text) for __aeabi_memcpy
    rc522.o(.text) refers to rc522.o(.data) for CT
    rc522.o(.text) refers to rc522.o(.bss) for RFID
    lora.o(.text) refers to memcpya.o(.text) for __aeabi_memcpy
    lora.o(.text) refers to memseta.o(.text) for __aeabi_memclr
    lora.o(.text) refers to sys.o(.text) for NVICSet
    lora.o(.text) refers to delay.o(.text) for delay_ms
    lora.o(.text) refers to ffixui.o(.text) for __aeabi_f2uiz
    lora.o(.text) refers to ffltui.o(.text) for __aeabi_ui2f
    lora.o(.text) refers to fadd.o(.text) for __aeabi_frsub
    lora.o(.text) refers to fmul.o(.text) for __aeabi_fmul
    lora.o(.text) refers to printfa.o(i.__0printf) for __2printf
    lora.o(.text) refers to printfa.o(i.__0sprintf) for __2sprintf
    lora.o(.text) refers to lora.o(.bss) for cReceiveBuffer
    lora.o(.text) refers to lora.o(.data) for cReceiveLen
    usart3.o(.text) refers to os_core.o(.text) for OSIntEnter
[...]
    RCC_RTCCLKConfig                         0x08002897   Thumb Code    12  stm32f10x_rcc.o(.text)
    RCC_RTCCLKCmd                            0x080028a3   Thumb Code     8  stm32f10x_rcc.o(.text)
    RCC_GetClocksFreq                        0x080028ab   Thumb Code   192  stm32f10x_rcc.o(.text)
    RCC_AHBPeriphClockCmd                    0x0800296b   Thumb Code    26  stm32f10x_rcc.o(.text)
    RCC_APB2PeriphClockCmd                   0x08002985   Thumb Code    26  stm32f10x_rcc.o(.text)
    RCC_APB1PeriphClockCmd                   0x0800299f   Thumb Code    26  stm32f10x_rcc.o(.text)
    RCC_APB2PeriphResetCmd                   0x080029b9   Thumb Code    26  stm32f10x_rcc.o(.text)
    RCC_APB1PeriphResetCmd                   0x080029d3   Thumb Code    26  stm32f10x_rcc.o(.text)
    RCC_BackupResetCmd                       0x080029ed   Thumb Code     8  stm32f10x_rcc.o(.text)
    RCC_ClockSecuritySystemCmd               0x080029f5   Thumb Code     6  stm32f10x_rcc.o(.text)
    RCC_MCOConfig                            0x080029fb   Thumb Code     6  stm32f10x_rcc.o(.text)
    RCC_ClearFlag                            0x08002a01   Thumb Code    14  stm32f10x_rcc.o(.text)
    RCC_GetITStatus                          0x08002a0f   Thumb Code    20  stm32f10x_rcc.o(.text)
    RCC_ClearITPendingBit                    0x08002a23   Thumb Code     6  stm32f10x_rcc.o(.text)
    USART_DeInit                             0x08002a4d   Thumb Code   134  stm32f10x_usart.o(.text)
    USART_Init                               0x08002ad3   Thumb Code   210  stm32f10x_usart.o(.text)
    USART_StructInit                         0x08002ba5   Thumb Code    24  stm32f10x_usart.o(.text)
    USART_ClockInit                          0x08002bbd   Thumb Code    34  stm32f10x_usart.o(.text)
    USART_ClockStructInit                    0x08002bdf   Thumb Code    12  stm32f10x_usart.o(.text)
    USART_Cmd                                0x08002beb   Thumb Code    24  stm32f10x_usart.o(.text)
    USART_ITConfig                           0x08002c03   Thumb Code    74  stm32f10x_usart.o(.text)
    USART_DMACmd                             0x08002c4d   Thumb Code    18  stm32f10x_usart.o(.text)
    USART_SetAddress                         0x08002c5f   Thumb Code    18  stm32f10x_usart.o(.text)
    USART_WakeUpConfig                       0x08002c71   Thumb Code    18  stm32f10x_usart.o(.text)
    USART_ReceiverWakeUpCmd                  0x08002c83   Thumb Code    24  stm32f10x_usart.o(.text)
    USART_LINBreakDetectLengthConfig         0x08002c9b   Thumb Code    18  stm32f10x_usart.o(.text)
    USART_LINCmd                             0x08002cad   Thumb Code    24  stm32f10x_usart.o(.text)
    USART_SendData                           0x08002cc5   Thumb Code     8  stm32f10x_usart.o(.text)
    USART_ReceiveData                        0x08002ccd   Thumb Code    10  stm32f10x_usart.o(.text)
    USART_SendBreak                          0x08002cd7   Thumb Code    10  stm32f10x_usart.o(.text)
    USART_SetGuardTime                       0x08002ce1   Thumb Code    16  stm32f10x_usart.o(.text)
    USART_SetPrescaler                       0x08002cf1   Thumb Code    16  stm32f10x_usart.o(.text)
    USART_SmartCardCmd                       0x08002d01   Thumb Code    24  stm32f10x_usart.o(.text)
    USART_SmartCardNACKCmd                   0x08002d19   Thumb Code    24  stm32f10x_usart.o(.text)
    USART_HalfDuplexCmd                      0x08002d31   Thumb Code    24  stm32f10x_usart.o(.text)
    USART_OverSampling8Cmd                   0x08002d49   Thumb Code    22  stm32f10x_usart.o(.text)
    USART_OneBitMethodCmd                    0x08002d5f   Thumb Code    24  stm32f10x_usart.o(.text)
    USART_IrDAConfig                         0x08002d77   Thumb Code    18  stm32f10x_usart.o(.text)
    USART_IrDACmd                            0x08002d89   Thumb Code    24  stm32f10x_usart.o(.text)
    USART_GetFlagStatus                      0x08002da1   Thumb Code    26  stm32f10x_usart.o(.text)
    USART_ClearFlag                          0x08002dbb   Thumb Code    18  stm32f10x_usart.o(.text)
    USART_GetITStatus                        0x08002dcd   Thumb Code    84  stm32f10x_usart.o(.text)
    USART_ClearITPendingBit                  0x08002e21   Thumb Code    52  stm32f10x_usart.o(.text)
    BSP_CPU_ClkFreq                          0x08002e55   Thumb Code    16  bsp.o(.text)
    CPU_TS_TmrInit                           0x08002e65   Thumb Code    44  bsp.o(.text)
    CPU_TS_TmrRd                             0x08002e91   Thumb Code     6  bsp.o(.text)
    CPU_TS32_to_uSec                         0x08002e97   Thumb Code    54  bsp.o(.text)
    CPU_NameClr                              0x08002ed9   Thumb Code    42  cpu_core.o(.text)
    CPU_Init                                 0x08002f19   Thumb Code    12  cpu_core.o(.text)
    CPU_SW_Exception                         0x08002f25   Thumb Code     4  cpu_core.o(.text)
    CPU_NameGet                              0x08002f29   Thumb Code    70  cpu_core.o(.text)
    CPU_NameSet                              0x08002f6f   Thumb Code    96  cpu_core.o(.text)
    CPU_TS_Get32                             0x08002fcf   Thumb Code    12  cpu_core.o(.text)
    CPU_TS_Update                            0x08002fdb   Thumb Code     2  cpu_core.o(.text)
    CPU_TS_TmrFreqGet                        0x08002fdd   Thumb Code    30  cpu_core.o(.text)
    CPU_TS_TmrFreqSet                        0x08002ffb   Thumb Code     6  cpu_core.o(.text)
    CPU_CntLeadZeros08                       0x08003001   Thumb Code    18  cpu_core.o(.text)
    CPU_CntLeadZeros16                       0x08003013   Thumb Code    18  cpu_core.o(.text)
    CPU_CntLeadZeros32                       0x08003025   Thumb Code    18  cpu_core.o(.text)
    CPU_CntLeadZeros64                       0x08003037   Thumb Code   188  cpu_core.o(.text)
    CPU_CntTrailZeros08                      0x080030f3   Thumb Code    22  cpu_core.o(.text)
    CPU_CntTrailZeros16                      0x08003109   Thumb Code    22  cpu_core.o(.text)
    CPU_CntTrailZeros32                      0x0800311f   Thumb Code    22  cpu_core.o(.text)
    CPU_CntTrailZeros64                      0x08003135   Thumb Code    62  cpu_core.o(.text)
    CPU_IntDis                               0x08003181   Thumb Code     0  cpu_a.o(.text)
    CPU_IntEn                                0x08003185   Thumb Code     0  cpu_a.o(.text)
    CPU_SR_Save                              0x08003189   Thumb Code     0  cpu_a.o(.text)
    CPU_SR_Restore                           0x08003191   Thumb Code     0  cpu_a.o(.text)
    CPU_WaitForInt                           0x08003197   Thumb Code     0  cpu_a.o(.text)
    CPU_WaitForExcept                        0x0800319b   Thumb Code     0  cpu_a.o(.text)
    CPU_CntLeadZeros                         0x0800319f   Thumb Code     0  cpu_a.o(.text)
    CPU_CntTrailZeros                        0x080031a5   Thumb Code     0  cpu_a.o(.text)
    CPU_RevBits                              0x080031af   Thumb Code     0  cpu_a.o(.text)
    ASCII_IsAlpha                            0x080031b5   Thumb Code    48  lib_ascii.o(.text)
    ASCII_IsAlphaNum                         0x080031e5   Thumb Code    76  lib_ascii.o(.text)
    ASCII_IsLower                            0x08003231   Thumb Code    20  lib_ascii.o(.text)
    ASCII_IsUpper                            0x08003245   Thumb Code    20  lib_ascii.o(.text)
    ASCII_IsDig                              0x08003259   Thumb Code    20  lib_ascii.o(.text)
    ASCII_IsDigOct                           0x0800326d   Thumb Code    20  lib_ascii.o(.text)
    ASCII_IsDigHex                           0x08003281   Thumb Code    36  lib_ascii.o(.text)
    ASCII_IsBlank                            0x080032a5   Thumb Code    20  lib_ascii.o(.text)
    ASCII_IsSpace                            0x080032b9   Thumb Code    36  lib_ascii.o(.text)
    ASCII_IsPrint                            0x080032dd   Thumb Code    20  lib_ascii.o(.text)
    ASCII_IsGraph                            0x080032f1   Thumb Code    20  lib_ascii.o(.text)
    ASCII_IsPunct                            0x08003305   Thumb Code   134  lib_ascii.o(.text)
    ASCII_IsCtrl                             0x0800338b   Thumb Code    26  lib_ascii.o(.text)
    ASCII_ToLower                            0x080033a5   Thumb Code    32  lib_ascii.o(.text)
    ASCII_ToUpper                            0x080033c5   Thumb Code    32  lib_ascii.o(.text)
    ASCII_Cmp                                0x080033e5   Thumb Code    38  lib_ascii.o(.text)
    Mem_Init                                 0x0800340d   Thumb Code    54  lib_mem.o(.text)
    Mem_Set                                  0x08003443   Thumb Code    84  lib_mem.o(.text)
    Mem_Clr                                  0x08003497   Thumb Code    18  lib_mem.o(.text)
    Mem_Move                                 0x080034a9   Thumb Code   186  lib_mem.o(.text)
    Mem_Cmp                                  0x08003563   Thumb Code   192  lib_mem.o(.text)
    Mem_HeapAlloc                            0x0800369b   Thumb Code   168  lib_mem.o(.text)
    Mem_SegGetSizeRem                        0x08003743   Thumb Code   108  lib_mem.o(.text)
    Mem_HeapGetSizeRem                       0x080037af   Thumb Code    22  lib_mem.o(.text)
    Mem_PoolClr                              0x080037c5   Thumb Code    80  lib_mem.o(.text)
    Mem_PoolCreate                           0x08003815   Thumb Code   838  lib_mem.o(.text)
    Mem_PoolBlkGetNbrAvail                   0x08003b5b   Thumb Code    52  lib_mem.o(.text)
    Mem_PoolBlkGet                           0x08003b8f   Thumb Code   126  lib_mem.o(.text)
    Mem_PoolBlkGetUsedAtIx                   0x08003c0d   Thumb Code   140  lib_mem.o(.text)
    Mem_PoolBlkFree                          0x08003c99   Thumb Code   152  lib_mem.o(.text)
    Mem_PoolBlkIxGet                         0x08003d31   Thumb Code   162  lib_mem.o(.text)
    Str_Len_N                                0x08003dd5   Thumb Code    28  lib_str.o(.text)
    Str_Len                                  0x08003df1   Thumb Code    20  lib_str.o(.text)
    Str_Copy_N                               0x08003e05   Thumb Code    70  lib_str.o(.text)
    Str_Copy                                 0x08003e4b   Thumb Code    24  lib_str.o(.text)
    Str_Cat_N                                0x08003e63   Thumb Code    90  lib_str.o(.text)
    Str_Cat                                  0x08003ebd   Thumb Code    24  lib_str.o(.text)
    Str_Cmp_N                                0x08003ed5   Thumb Code   156  lib_str.o(.text)
    Str_Cmp                                  0x08003f71   Thumb Code    24  lib_str.o(.text)
    Str_CmpIgnoreCase_N                      0x08003f89   Thumb Code   264  lib_str.o(.text)
    Str_CmpIgnoreCase                        0x08004091   Thumb Code    24  lib_str.o(.text)
    Str_Char_N                               0x080040a9   Thumb Code    74  lib_str.o(.text)
    Str_Char                                 0x080040f3   Thumb Code    24  lib_str.o(.text)
    Str_Char_Last_N                          0x0800410b   Thumb Code    76  lib_str.o(.text)
    Str_Char_Last                            0x08004157   Thumb Code    24  lib_str.o(.text)
    Str_Char_Replace_N                       0x0800416f   Thumb Code    52  lib_str.o(.text)
    Str_Char_Replace                         0x080041a3   Thumb Code    28  lib_str.o(.text)
    Str_Str_N                                0x080041bf   Thumb Code   182  lib_str.o(.text)
    Str_Str                                  0x08004275   Thumb Code    24  lib_str.o(.text)
    Str_FmtNbr_Int32U                        0x08004469   Thumb Code    46  lib_str.o(.text)
    Str_FmtNbr_Int32S                        0x08004497   Thumb Code    62  lib_str.o(.text)
    Str_ParseNbr_Int32U                      0x08004693   Thumb Code    30  lib_str.o(.text)
    Str_ParseNbr_Int32S                      0x080046b1   Thumb Code    74  lib_str.o(.text)
    Mem_Copy                                 0x08004701   Thumb Code     0  lib_mem_a.o(.text)
    OSCfg_Init                               0x08004921   Thumb Code    86  os_cfg_app.o(.text)
    OS_IdleTask                              0x08004a1d   Thumb Code    60  os_core.o(.text)
    OS_IdleTaskInit                          0x08004a59   Thumb Code    68  os_core.o(.text)
    OS_RdyListInit                           0x08004a9d   Thumb Code    32  os_core.o(.text)
    OSInit                                   0x08004abd   Thumb Code   300  os_core.o(.text)
    OSIntEnter                               0x08004be9   Thumb Code    34  os_core.o(.text)
    OSIntExit                                0x08004c0b   Thumb Code   192  os_core.o(.text)
    OSSched                                  0x08004ccb   Thumb Code   134  os_core.o(.text)
    OS_SchedLockTimeMeasStart                0x08004d51   Thumb Code    20  os_core.o(.text)
    OSSchedLock                              0x08004d65   Thumb Code   104  os_core.o(.text)
    OS_SchedLockTimeMeasStop                 0x08004dcd   Thumb Code    44  os_core.o(.text)
    OSSchedUnlock                            0x08004df9   Thumb Code   290  os_core.o(.text)
    OSSchedRoundRobinCfg                     0x08004f1b   Thumb Code    88  os_core.o(.text)
    OS_RdyListMoveHeadToTail                 0x08004f73   Thumb Code    68  os_core.o(.text)
    OSSchedRoundRobinYield                   0x08004fb7   Thumb Code   164  os_core.o(.text)
    OSStart                                  0x0800505b   Thumb Code    78  os_core.o(.text)
    OSVersion                                0x080050a9   Thumb Code    12  os_core.o(.text)
    OS_PendDbgNameAdd                        0x080050b5   Thumb Code    66  os_core.o(.text)
    OS_PendListInsertPrio                    0x080050f7   Thumb Code   102  os_core.o(.text)
    OS_PendDataInit                          0x0800515d   Thumb Code    38  os_core.o(.text)
    OS_RdyListRemove                         0x08005183   Thumb Code    86  os_core.o(.text)
    OS_TaskBlock                             0x080051d9   Thumb Code    56  os_core.o(.text)
    OS_Pend                                  0x08005211   Thumb Code    98  os_core.o(.text)
    OS_PendListRemove1                       0x08005273   Thumb Code   134  os_core.o(.text)
    OS_PendListRemove                        0x080052f9   Thumb Code    48  os_core.o(.text)
    OS_PendAbort1                            0x08005329   Thumb Code    36  os_core.o(.text)
    OS_RdyListInsertHead                     0x0800534d   Thumb Code    58  os_core.o(.text)
    OS_RdyListInsertTail                     0x08005387   Thumb Code    56  os_core.o(.text)
    OS_RdyListInsert                         0x080053bf   Thumb Code    40  os_core.o(.text)
    OS_TaskRdy                               0x080053e7   Thumb Code    28  os_core.o(.text)
    OS_PendAbort                             0x08005403   Thumb Code   166  os_core.o(.text)
    OS_PendDbgNameRemove                     0x080054a9   Thumb Code    34  os_core.o(.text)
    OS_PendListChangePrio                    0x080054cb   Thumb Code    70  os_core.o(.text)
    OS_PendListInit                          0x08005511   Thumb Code    10  os_core.o(.text)
    OS_PendListInsertHead                    0x0800551b   Thumb Code    32  os_core.o(.text)
    OS_PendObjDel1                           0x0800553b   Thumb Code    36  os_core.o(.text)
    OS_PendObjDel                            0x0800555f   Thumb Code   162  os_core.o(.text)
    OS_Post1                                 0x08005601   Thumb Code    42  os_core.o(.text)
    OS_Post                                  0x0800562b   Thumb Code   192  os_core.o(.text)
    OS_Sched0                                0x080056eb   Thumb Code   102  os_core.o(.text)
    OS_SchedRoundRobin                       0x08005751   Thumb Code   190  os_core.o(.text)
    OS_Dbg_Init                              0x08005821   Thumb Code   146  os_dbg.o(.text)
    OS_FlagDbgListAdd                        0x080059d1   Thumb Code    38  os_flag.o(.text)
    OSFlagCreate                             0x080059f7   Thumb Code   172  os_flag.o(.text)
    OS_FlagClr                               0x08005aa3   Thumb Code    28  os_flag.o(.text)
    OS_FlagDbgListRemove                     0x08005abf   Thumb Code    44  os_flag.o(.text)
    OSFlagDel                                0x08005aeb   Thumb Code   594  os_flag.o(.text)
    OS_FlagBlock                             0x08005d3d   Thumb Code    58  os_flag.o(.text)
    OSFlagPend                               0x08005d77   Thumb Code  1488  os_flag.o(.text)
    OSFlagPendAbort                          0x08006347   Thumb Code   292  os_flag.o(.text)
    OSFlagPendGetFlagsRdy                    0x0800646b   Thumb Code    68  os_flag.o(.text)
    OS_FlagTaskRdy                           0x080064af   Thumb Code    86  os_flag.o(.text)
    OS_FlagPost                              0x08006505   Thumb Code   570  os_flag.o(.text)
    OSFlagPost                               0x0800673f   Thumb Code   146  os_flag.o(.text)
    OS_FlagInit                              0x080067d1   Thumb Code    14  os_flag.o(.text)
    OS_IntQPost                              0x080067f9   Thumb Code   216  os_int.o(.text)
    OS_IntQRePost                            0x080068d1   Thumb Code   360  os_int.o(.text)
    OS_IntQTask                              0x08006a39   Thumb Code   162  os_int.o(.text)
    OS_IntQTaskInit                          0x08006adb   Thumb Code   208  os_int.o(.text)
    OS_MemDbgListAdd                         0x08006c3d   Thumb Code    34  os_mem.o(.text)
    OSMemCreate                              0x08006c5f   Thumb Code   288  os_mem.o(.text)
    OSMemGet                                 0x08006d7f   Thumb Code   100  os_mem.o(.text)
    OSMemPut                                 0x08006de3   Thumb Code   112  os_mem.o(.text)
    OS_MemInit                               0x08006e53   Thumb Code    14  os_mem.o(.text)
    OS_MsgPoolCreate                         0x08006e75   Thumb Code    54  os_msg.o(.text)
    OS_MsgPoolInit                           0x08006eab   Thumb Code    70  os_msg.o(.text)
    OS_MsgQFreeAll                           0x08006ef1   Thumb Code    62  os_msg.o(.text)
    OS_MsgQInit                              0x08006f2f   Thumb Code    14  os_msg.o(.text)
    OS_MsgQGet                               0x08006f3d   Thumb Code    98  os_msg.o(.text)
    OS_MsgQPut                               0x08006f9f   Thumb Code   246  os_msg.o(.text)
    OS_MutexDbgListAdd                       0x080070a1   Thumb Code    38  os_mutex.o(.text)
    OSMutexCreate                            0x080070c7   Thumb Code   178  os_mutex.o(.text)
    OS_MutexClr                              0x08007179   Thumb Code    38  os_mutex.o(.text)
    OS_MutexDbgListRemove                    0x0800719f   Thumb Code    44  os_mutex.o(.text)
    OSMutexDel                               0x080071cb   Thumb Code   842  os_mutex.o(.text)
    OSMutexPend                              0x08007515   Thumb Code   706  os_mutex.o(.text)
    OSMutexPendAbort                         0x080077d7   Thumb Code   314  os_mutex.o(.text)
    OSMutexPost                              0x08007911   Thumb Code   564  os_mutex.o(.text)
    OS_MutexInit                             0x08007b45   Thumb Code    14  os_mutex.o(.text)
    OS_PendMultiWait                         0x08007b75   Thumb Code   126  os_pend_multi.o(.text)
    OS_PendMultiGetRdy                       0x08007bf3   Thumb Code   138  os_pend_multi.o(.text)
    OS_PendMultiValidate                     0x08007c7d   Thumb Code    68  os_pend_multi.o(.text)
    OSPendMulti                              0x08007cc1   Thumb Code   420  os_pend_multi.o(.text)
    OS_PrioInit                              0x08007e79   Thumb Code    20  os_prio.o(.text)
    OS_PrioGetHighest                        0x08007e8d   Thumb Code    36  os_prio.o(.text)
    OS_PrioInsert                            0x08007eb1   Thumb Code    32  os_prio.o(.text)
    OS_PrioRemove                            0x08007ed1   Thumb Code    32  os_prio.o(.text)
    OS_QDbgListAdd                           0x08007ef5   Thumb Code    38  os_q.o(.text)
    OSQCreate                                0x08007f1b   Thumb Code   186  os_q.o(.text)
    OS_QClr                                  0x08007fd5   Thumb Code    40  os_q.o(.text)
    OS_QDbgListRemove                        0x08007ffd   Thumb Code    44  os_q.o(.text)
    OSQDel                                   0x08008029   Thumb Code   362  os_q.o(.text)
    OSQFlush                                 0x08008193   Thumb Code   210  os_q.o(.text)
    OSQPend                                  0x08008265   Thumb Code   538  os_q.o(.text)
    OSQPendAbort                             0x0800847f   Thumb Code   292  os_q.o(.text)
    OS_QPost                                 0x080085a3   Thumb Code   324  os_q.o(.text)
    OSQPost                                  0x080086e7   Thumb Code   198  os_q.o(.text)
    OS_QInit                                 0x080087ad   Thumb Code    14  os_q.o(.text)
    OS_SemDbgListAdd                         0x080087cd   Thumb Code    38  os_sem.o(.text)
    OSSemCreate                              0x080087f3   Thumb Code   172  os_sem.o(.text)
    OS_SemClr                                0x0800889f   Thumb Code    28  os_sem.o(.text)
    OS_SemDbgListRemove                      0x080088bb   Thumb Code    44  os_sem.o(.text)
    OSSemDel                                 0x080088e7   Thumb Code   362  os_sem.o(.text)
    OSSemPend                                0x08008a51   Thumb Code   504  os_sem.o(.text)
    OSSemPendAbort                           0x08008c49   Thumb Code   292  os_sem.o(.text)
    OS_SemPost                               0x08008d6d   Thumb Code   350  os_sem.o(.text)
    OSSemPost                                0x08008ecb   Thumb Code   144  os_sem.o(.text)
    OSSemSet                                 0x08008f5b   Thumb Code   138  os_sem.o(.text)
    OS_SemInit                               0x08008fe5   Thumb Code    14  os_sem.o(.text)
    OSStatReset                              0x08008ffd   Thumb Code   270  os_stat.o(.text)
    OSStatTaskCPUUsageInit                   0x0800910b   Thumb Code   212  os_stat.o(.text)
    OS_StatTask                              0x080091df   Thumb Code   888  os_stat.o(.text)
    OS_StatTaskInit                          0x08009557   Thumb Code   138  os_stat.o(.text)
    OSTaskChangePrio                         0x08009635   Thumb Code   416  os_task.o(.text)
    OS_TaskDbgListAdd                        0x080097d5   Thumb Code    42  os_task.o(.text)
    OS_TaskInitTCB                           0x080097ff   Thumb Code   190  os_task.o(.text)
    OSTaskCreate                             0x080098bd   Thumb Code   616  os_task.o(.text)
    OS_TaskDbgListRemove                     0x08009b25   Thumb Code    64  os_task.o(.text)
    OSTaskDel                                0x08009b65   Thumb Code   424  os_task.o(.text)
    OSTaskQFlush                             0x08009d0d   Thumb Code   214  os_task.o(.text)
    OSTaskQPend                              0x08009de3   Thumb Code   554  os_task.o(.text)
    OSTaskQPendAbort                         0x0800a00d   Thumb Code   242  os_task.o(.text)
    OS_TaskQPost                             0x0800a0ff   Thumb Code   526  os_task.o(.text)
    OSTaskQPost                              0x0800a30d   Thumb Code   114  os_task.o(.text)
    OSTaskRegGet                             0x0800a37f   Thumb Code    78  os_task.o(.text)
    OSTaskRegGetID                           0x0800a3cd   Thumb Code    84  os_task.o(.text)
    OSTaskRegSet                             0x0800a421   Thumb Code    78  os_task.o(.text)
    OS_TaskResume                            0x0800a46f   Thumb Code   314  os_task.o(.text)
    OSTaskResume                             0x0800a5a9   Thumb Code   112  os_task.o(.text)
    OSTaskSemPend                            0x0800a619   Thumb Code   550  os_task.o(.text)
    OSTaskSemPendAbort                       0x0800a83f   Thumb Code   270  os_task.o(.text)
    OS_TaskSemPost                           0x0800a94d   Thumb Code  1224  os_task.o(.text)
    OSTaskSemPost                            0x0800ae15   Thumb Code    98  os_task.o(.text)
    OSTaskSemSet                             0x0800ae77   Thumb Code    80  os_task.o(.text)
    OSTaskStkChk                             0x0800aec7   Thumb Code   224  os_task.o(.text)
    OS_TaskSuspend                           0x0800afa7   Thumb Code   328  os_task.o(.text)
    OSTaskSuspend                            0x0800b0ef   Thumb Code    78  os_task.o(.text)
    OSTaskTimeQuantaSet                      0x0800b13d   Thumb Code    96  os_task.o(.text)
    OS_TaskInit                              0x0800b19d   Thumb Code    18  os_task.o(.text)
    OS_TaskReturn                            0x0800b1af   Thumb Code    20  os_task.o(.text)
    OS_TickListRemove                        0x0800b1ed   Thumb Code    56  os_tick.o(.text)
    OS_TickListUpdate                        0x0800b225   Thumb Code   480  os_tick.o(.text)
    OS_TickTask                              0x0800b405   Thumb Code    38  os_tick.o(.text)
    OS_TickListInit                          0x0800b42b   Thumb Code    32  os_tick.o(.text)
    OS_TickTaskInit                          0x0800b44b   Thumb Code   130  os_tick.o(.text)
    OS_TickListInsert                        0x0800b4cd   Thumb Code   502  os_tick.o(.text)
    OS_TickListResetPeak                     0x0800b6c3   Thumb Code    28  os_tick.o(.text)
    OSTimeDly                                0x0800b6e9   Thumb Code   266  os_time.o(.text)
    OSTimeDlyHMSM                            0x0800b7f3   Thumb Code   480  os_time.o(.text)
    OSTimeDlyResume                          0x0800b9d3   Thumb Code   466  os_time.o(.text)
    OSTimeGet                                0x0800bba5   Thumb Code    46  os_time.o(.text)
    OSTimeSet                                0x0800bbd3   Thumb Code    46  os_time.o(.text)
    OSTimeTick                               0x0800bc01   Thumb Code    54  os_time.o(.text)
    OS_TmrDbgListAdd                         0x0800bc4d   Thumb Code    34  os_tmr.o(.text)
    OSTmrCreate                              0x0800bc6f   Thumb Code   248  os_tmr.o(.text)
    OS_TmrClr                                0x0800bd67   Thumb Code    36  os_tmr.o(.text)
    OS_TmrUnlink                             0x0800bd8b   Thumb Code    72  os_tmr.o(.text)
    OS_TmrDbgListRemove                      0x0800bdd3   Thumb Code    44  os_tmr.o(.text)
    OSTmrDel                                 0x0800bdff   Thumb Code   176  os_tmr.o(.text)
    OSTmrRemainGet                           0x0800beaf   Thumb Code   184  os_tmr.o(.text)
    OS_TmrLink                               0x0800bf67   Thumb Code   196  os_tmr.o(.text)
    OSTmrStart                               0x0800c02b   Thumb Code   210  os_tmr.o(.text)
    OSTmrStateGet                            0x0800c0fd   Thumb Code   134  os_tmr.o(.text)
    OSTmrStop                                0x0800c183   Thumb Code   232  os_tmr.o(.text)
    OS_TmrTask                               0x0800c26b   Thumb Code   176  os_tmr.o(.text)
    OS_TmrInit                               0x0800c31b   Thumb Code   208  os_tmr.o(.text)
    OS_TmrResetPeak                          0x0800c3eb   Thumb Code    28  os_tmr.o(.text)
    OSIdleTaskHook                           0x0800c465   Thumb Code    16  os_cpu_c.o(.text)
    OSInitHook                               0x0800c475   Thumb Code    42  os_cpu_c.o(.text)
    OSStatTaskHook                           0x0800c49f   Thumb Code    16  os_cpu_c.o(.text)
    OSTaskCreateHook                         0x0800c4af   Thumb Code    20  os_cpu_c.o(.text)
    OSTaskDelHook                            0x0800c4c3   Thumb Code    20  os_cpu_c.o(.text)
    OSTaskReturnHook                         0x0800c4d7   Thumb Code    20  os_cpu_c.o(.text)
    OSTaskStkInit                            0x0800c4eb   Thumb Code   188  os_cpu_c.o(.text)
    OSTaskSwHook                             0x0800c5a7   Thumb Code   120  os_cpu_c.o(.text)
    OSTimeTickHook                           0x0800c61f   Thumb Code    16  os_cpu_c.o(.text)
    OS_CPU_SysTickHandler                    0x0800c62f   Thumb Code    52  os_cpu_c.o(.text)
    OS_CPU_SysTickInit                       0x0800c663   Thumb Code    44  os_cpu_c.o(.text)
    cJSON_GetErrorPtr                        0x0800c6d1   Thumb Code    12  cjson.o(.text)
    cJSON_IsString                           0x0800c6dd   Thumb Code    22  cjson.o(.text)
    cJSON_GetStringValue                     0x0800c6f3   Thumb Code    20  cjson.o(.text)
    cJSON_IsNumber                           0x0800c707   Thumb Code    22  cjson.o(.text)
    cJSON_GetNumberValue                     0x0800c71d   Thumb Code    24  cjson.o(.text)
    cJSON_Version                            0x0800c735   Thumb Code    22  cjson.o(.text)
    cJSON_InitHooks                          0x0800c7cb   Thumb Code    82  cjson.o(.text)
    cJSON_Delete                             0x0800c837   Thumb Code    84  cjson.o(.text)
    cJSON_SetNumberHelper                    0x0800c9b9   Thumb Code    72  cjson.o(.text)
    cJSON_free                               0x0800ca01   Thumb Code    14  cjson.o(.text)
    cJSON_SetValuestring                     0x0800ca0f   Thumb Code    94  cjson.o(.text)
    cJSON_ParseWithLengthOpts                0x0800d595   Thumb Code   204  cjson.o(.text)
    cJSON_ParseWithOpts                      0x0800d661   Thumb Code    40  cjson.o(.text)
    cJSON_Parse                              0x0800d689   Thumb Code    16  cjson.o(.text)
    cJSON_ParseWithLength                    0x0800d699   Thumb Code    20  cjson.o(.text)
    cJSON_Print                              0x0800da91   Thumb Code    16  cjson.o(.text)
    cJSON_PrintUnformatted                   0x0800daa1   Thumb Code    16  cjson.o(.text)
    cJSON_PrintBuffered                      0x0800dab1   Thumb Code    90  cjson.o(.text)
    cJSON_PrintPreallocated                  0x0800db0b   Thumb Code    64  cjson.o(.text)
    cJSON_GetArraySize                       0x0800db4b   Thumb Code    28  cjson.o(.text)
    cJSON_GetArrayItem                       0x0800db85   Thumb Code    24  cjson.o(.text)
    cJSON_GetObjectItem                      0x0800dbef   Thumb Code    18  cjson.o(.text)
    cJSON_GetObjectItemCaseSensitive         0x0800dc01   Thumb Code    18  cjson.o(.text)
    cJSON_HasObjectItem                      0x0800dc13   Thumb Code    24  cjson.o(.text)
    cJSON_AddItemToArray                     0x0800dca3   Thumb Code    16  cjson.o(.text)
    cJSON_AddItemToObject                    0x0800dd2f   Thumb Code    26  cjson.o(.text)
    cJSON_AddItemToObjectCS                  0x0800dd49   Thumb Code    26  cjson.o(.text)
    cJSON_AddItemReferenceToArray            0x0800dd63   Thumb Code    32  cjson.o(.text)
    cJSON_AddItemReferenceToObject           0x0800dd83   Thumb Code    44  cjson.o(.text)
    cJSON_CreateNull                         0x0800ddaf   Thumb Code    20  cjson.o(.text)
    cJSON_AddNullToObject                    0x0800ddc3   Thumb Code    44  cjson.o(.text)
    cJSON_CreateTrue                         0x0800ddef   Thumb Code    20  cjson.o(.text)
    cJSON_AddTrueToObject                    0x0800de03   Thumb Code    44  cjson.o(.text)
    cJSON_CreateFalse                        0x0800de2f   Thumb Code    20  cjson.o(.text)
    cJSON_AddFalseToObject                   0x0800de43   Thumb Code    44  cjson.o(.text)
    cJSON_CreateBool                         0x0800de6f   Thumb Code    34  cjson.o(.text)
    cJSON_AddBoolToObject                    0x0800de91   Thumb Code    48  cjson.o(.text)
    cJSON_CreateNumber                       0x0800dec1   Thumb Code    82  cjson.o(.text)
    cJSON_AddNumberToObject                  0x0800df13   Thumb Code    56  cjson.o(.text)
    cJSON_CreateString                       0x0800df4b   Thumb Code    46  cjson.o(.text)
    cJSON_AddStringToObject                  0x0800df79   Thumb Code    48  cjson.o(.text)
    cJSON_CreateRaw                          0x0800dfa9   Thumb Code    46  cjson.o(.text)
    cJSON_AddRawToObject                     0x0800dfd7   Thumb Code    48  cjson.o(.text)
    cJSON_CreateObject                       0x0800e007   Thumb Code    20  cjson.o(.text)
    cJSON_AddObjectToObject                  0x0800e01b   Thumb Code    44  cjson.o(.text)
    cJSON_CreateArray                        0x0800e047   Thumb Code    20  cjson.o(.text)
    cJSON_AddArrayToObject                   0x0800e05b   Thumb Code    44  cjson.o(.text)
    cJSON_DetachItemViaPointer               0x0800e087   Thumb Code    64  cjson.o(.text)
    cJSON_DetachItemFromArray                0x0800e0c7   Thumb Code    34  cjson.o(.text)
    cJSON_DeleteItemFromArray                0x0800e0e9   Thumb Code    22  cjson.o(.text)
    cJSON_DetachItemFromObject               0x0800e0ff   Thumb Code    26  cjson.o(.text)
    cJSON_DetachItemFromObjectCaseSensitive  0x0800e119   Thumb Code    26  cjson.o(.text)
    cJSON_DeleteItemFromObject               0x0800e133   Thumb Code    22  cjson.o(.text)
    cJSON_DeleteItemFromObjectCaseSensitive  0x0800e149   Thumb Code    22  cjson.o(.text)
    cJSON_InsertItemInArray                  0x0800e15f   Thumb Code    70  cjson.o(.text)
    cJSON_ReplaceItemViaPointer              0x0800e1a5   Thumb Code    96  cjson.o(.text)
    cJSON_ReplaceItemInArray                 0x0800e205   Thumb Code    42  cjson.o(.text)
    cJSON_ReplaceItemInObject                0x0800e291   Thumb Code    22  cjson.o(.text)
    cJSON_ReplaceItemInObjectCaseSensitive   0x0800e2a7   Thumb Code    22  cjson.o(.text)
    cJSON_CreateStringReference              0x0800e2bd   Thumb Code    32  cjson.o(.text)
    cJSON_CreateObjectReference              0x0800e2dd   Thumb Code    32  cjson.o(.text)
    cJSON_CreateArrayReference               0x0800e2fd   Thumb Code    32  cjson.o(.text)
    cJSON_CreateIntArray                     0x0800e31d   Thumb Code   110  cjson.o(.text)
    cJSON_CreateFloatArray                   0x0800e38b   Thumb Code   110  cjson.o(.text)
    cJSON_CreateDoubleArray                  0x0800e3f9   Thumb Code   106  cjson.o(.text)
    cJSON_CreateStringArray                  0x0800e463   Thumb Code   100  cjson.o(.text)
    cJSON_Duplicate                          0x0800e4c7   Thumb Code   188  cjson.o(.text)
    cJSON_Minify                             0x0800e653   Thumb Code   160  cjson.o(.text)
    cJSON_IsInvalid                          0x0800e6f3   Thumb Code    20  cjson.o(.text)
    cJSON_IsFalse                            0x0800e707   Thumb Code    20  cjson.o(.text)
    cJSON_IsTrue                             0x0800e71b   Thumb Code    22  cjson.o(.text)
    cJSON_IsBool                             0x0800e731   Thumb Code    24  cjson.o(.text)
    cJSON_IsNull                             0x0800e749   Thumb Code    22  cjson.o(.text)
    cJSON_IsArray                            0x0800e75f   Thumb Code    22  cjson.o(.text)
    cJSON_IsObject                           0x0800e775   Thumb Code    22  cjson.o(.text)
    cJSON_IsRaw                              0x0800e78b   Thumb Code    22  cjson.o(.text)
    cJSON_Compare                            0x0800e7a1   Thumb Code   392  cjson.o(.text)
    cJSON_malloc                             0x0800e929   Thumb Code    14  cjson.o(.text)
    __aeabi_uldivmod                         0x0800e93d   Thumb Code    98  uldiv.o(.text)
    tolower                                  0x0800e99f   Thumb Code    12  tolower.o(.text)
    __aeabi_memcpy                           0x0800e9ab   Thumb Code    36  memcpya.o(.text)
    __aeabi_memcpy4                          0x0800e9ab   Thumb Code     0  memcpya.o(.text)
    __aeabi_memcpy8                          0x0800e9ab   Thumb Code     0  memcpya.o(.text)
    __aeabi_memset                           0x0800e9cf   Thumb Code    14  memseta.o(.text)
    __aeabi_memset4                          0x0800e9cf   Thumb Code     0  memseta.o(.text)
    __aeabi_memset8                          0x0800e9cf   Thumb Code     0  memseta.o(.text)
    __aeabi_memclr                           0x0800e9dd   Thumb Code     4  memseta.o(.text)
    __aeabi_memclr4                          0x0800e9dd   Thumb Code     0  memseta.o(.text)
    __aeabi_memclr8                          0x0800e9dd   Thumb Code     0  memseta.o(.text)
    _memset$wrapper                          0x0800e9e1   Thumb Code    18  memseta.o(.text)
    strcat                                   0x0800e9f3   Thumb Code    24  strcat.o(.text)
    strstr                                   0x0800ea0b   Thumb Code    36  strstr.o(.text)
    strlen                                   0x0800ea2f   Thumb Code    14  strlen.o(.text)
    strcmp                                   0x0800ea3d   Thumb Code    28  strcmp.o(.text)
    strcpy                                   0x0800ea59   Thumb Code    18  strcpy.o(.text)
    strncmp                                  0x0800ea6b   Thumb Code    30  strncmp.o(.text)
    __0sscanf                                0x0800ea89   Thumb Code    48  __0sscanf.o(.text)
    _scanf_real                              0x0800ebc1   Thumb Code     0  scanf_fp.o(.text)
    _scanf_really_real                       0x0800ebc1   Thumb Code   556  scanf_fp.o(.text)
    __aeabi_dadd                             0x0800edf9   Thumb Code   322  dadd.o(.text)
    __aeabi_dsub                             0x0800ef3b   Thumb Code     6  dadd.o(.text)
    __aeabi_drsub                            0x0800ef41   Thumb Code     6  dadd.o(.text)
    __aeabi_dmul                             0x0800ef47   Thumb Code   228  dmul.o(.text)
    __aeabi_ddiv                             0x0800f02b   Thumb Code   222  ddiv.o(.text)
    __aeabi_i2d                              0x0800f109   Thumb Code    34  dflti.o(.text)
    __aeabi_d2iz                             0x0800f12b   Thumb Code    62  dfixi.o(.text)
    __aeabi_f2d                              0x0800f169   Thumb Code    38  f2d.o(.text)
    __aeabi_cdcmpeq                          0x0800f191   Thumb Code     0  cdcmple.o(.text)
    __aeabi_cdcmple                          0x0800f191   Thumb Code    48  cdcmple.o(.text)
    __aeabi_cdrcmple                         0x0800f1c1   Thumb Code    48  cdrcmple.o(.text)
    __aeabi_uidiv                            0x0800f1f1   Thumb Code     0  uidiv.o(.text)
    __aeabi_uidivmod                         0x0800f1f1   Thumb Code    44  uidiv.o(.text)
    __aeabi_llsl                             0x0800f21d   Thumb Code    30  llshl.o(.text)
    _ll_shift_l                              0x0800f21d   Thumb Code     0  llshl.o(.text)
    __aeabi_llsr                             0x0800f23b   Thumb Code    32  llushr.o(.text)
    _ll_ushift_r                             0x0800f23b   Thumb Code     0  llushr.o(.text)
    __aeabi_lasr                             0x0800f25b   Thumb Code    36  llsshr.o(.text)
    _ll_sshift_r                             0x0800f25b   Thumb Code     0  llsshr.o(.text)
    __vfscanf_char                           0x0800f28d   Thumb Code    20  scanf_char.o(.text)
    _sgetc                                   0x0800f2a9   Thumb Code    30  _sgetc.o(.text)
    _sbackspace                              0x0800f2c7   Thumb Code    34  _sgetc.o(.text)
    __strtod_int                             0x0800f31f   Thumb Code    88  strtod.o(.text)
    __I$use$fp                               0x0800f385   Thumb Code     0  iusefp.o(.text)
    _float_round                             0x0800f385   Thumb Code    18  fepilogue.o(.text)
    _float_epilogue                          0x0800f397   Thumb Code    92  fepilogue.o(.text)
    _double_round                            0x0800f3f3   Thumb Code    30  depilogue.o(.text)
    _double_epilogue                         0x0800f411   Thumb Code   156  depilogue.o(.text)
    __aeabi_ul2d                             0x0800f4ad   Thumb Code    24  dfltul.o(.text)
    __aeabi_d2ulz                            0x0800f4c5   Thumb Code    48  dfixul.o(.text)
    __aeabi_d2f                              0x0800f4f5   Thumb Code    56  d2f.o(.text)
    __scatterload                            0x0800f52d   Thumb Code    28  init.o(.text)
    __scatterload_rt2                        0x0800f52d   Thumb Code     0  init.o(.text)
    isspace                                  0x0800f551   Thumb Code    10  isspace_c.o(.text)
    __vfscanf                                0x0800f55d   Thumb Code   808  _scanf.o(.text)
    __ctype_lookup                           0x0800f889   Thumb Code    34  ctype_c.o(.text)
    __decompress                             0x0800f8b1   Thumb Code     0  __dczerorl2.o(.text)
    __decompress1                            0x0800f8b1   Thumb Code    86  __dczerorl2.o(.text)
    OSStartHighRdy                           0x0800f909   Thumb Code     0  os_cpu_a.o(CODE)
    PendSV_Handler                           0x0800f93f   Thumb Code     0  os_cpu_a.o(CODE)
    __0printf                                0x0800f9a1   Thumb Code    22  printfa.o(i.__0printf)
    __1printf                                0x0800f9a1   Thumb Code     0  printfa.o(i.__0printf)
    __2printf                                0x0800f9a1   Thumb Code     0  printfa.o(i.__0printf)
    __c89printf                              0x0800f9a1   Thumb Code     0  printfa.o(i.__0printf)
    printf                                   0x0800f9a1   Thumb Code     0  printfa.o(i.__0printf)
    __0sprintf                               0x0800f9c1   Thumb Code    34  printfa.o(i.__0sprintf)
    __1sprintf                               0x0800f9c1   Thumb Code     0  printfa.o(i.__0sprintf)
    __2sprintf                               0x0800f9c1   Thumb Code     0  printfa.o(i.__0sprintf)
    __c89sprintf                             0x0800f9c1   Thumb Code     0  printfa.o(i.__0sprintf)
    sprintf                                  0x0800f9c1   Thumb Code     0  printfa.o(i.__0sprintf)
    __0vprintf                               0x0800f9e9   Thumb Code     8  printfa.o(i.__0vprintf)
    __1vprintf                               0x0800f9e9   Thumb Code     0  printfa.o(i.__0vprintf)
    __2vprintf                               0x0800f9e9   Thumb Code     0  printfa.o(i.__0vprintf)
    __c89vprintf                             0x0800f9e9   Thumb Code     0  printfa.o(i.__0vprintf)
    vprintf                                  0x0800f9e9   Thumb Code     0  printfa.o(i.__0vprintf)
    __0vsprintf                              0x0800f9f9   Thumb Code    30  printfa.o(i.__0vsprintf)
    __1vsprintf                              0x0800f9f9   Thumb Code     0  printfa.o(i.__0vsprintf)
    __2vsprintf                              0x0800f9f9   Thumb Code     0  printfa.o(i.__0vsprintf)
    __c89vsprintf                            0x0800f9f9   Thumb Code     0  printfa.o(i.__0vsprintf)
    vsprintf                                 0x0800f9f9   Thumb Code     0  printfa.o(i.__0vsprintf)
    free                                     0x0800fa1d   Thumb Code    88  mallocr.o(i.__free$realloc)
    malloc                                   0x0800fa79   Thumb Code    64  mallocr.o(i.__malloc$realloc)
    __scatterload_copy                       0x0800fac9   Thumb Code    14  handlers.o(i.__scatterload_copy)
    __scatterload_null                       0x0800fad7   Thumb Code     2  handlers.o(i.__scatterload_null)
    __scatterload_zeroinit                   0x0800fad9   Thumb Code    14  handlers.o(i.__scatterload_zeroinit)
    _is_digit                                0x0800fc4d   Thumb Code    14  scanf_fp.o(i._is_digit)
    realloc                                  0x080103e5   Thumb Code   102  mallocr.o(i.realloc)
    strtod                                   0x08010451   Thumb Code    28  strtod.o(i.strtod)
    F6x8                                     0x0801046c   Data         552  oled.o(.constdata)
    F8X16                                    0x08010694   Data        1520  oled.o(.constdata)
    Hzk                                      0x08010c84   Data        1216  oled.o(.constdata)
    CPU_EndiannessTest                       0x08011244   Data           4  cpu_core.o(.constdata)
    OSCfg_IdleTaskStkBasePtr                 0x080112dc   Data           4  os_cfg_app.o(.constdata)
    OSCfg_IdleTaskStkLimit                   0x080112e0   Data           4  os_cfg_app.o(.constdata)
    OSCfg_IdleTaskStkSize                    0x080112e4   Data           4  os_cfg_app.o(.constdata)
    OSCfg_IdleTaskStkSizeRAM                 0x080112e8   Data           4  os_cfg_app.o(.constdata)
    OSCfg_IntQBasePtr                        0x080112ec   Data           4  os_cfg_app.o(.constdata)
    OSCfg_IntQSize                           0x080112f0   Data           2  os_cfg_app.o(.constdata)
    OSCfg_IntQSizeRAM                        0x080112f4   Data           4  os_cfg_app.o(.constdata)
    OSCfg_IntQTaskStkBasePtr                 0x080112f8   Data           4  os_cfg_app.o(.constdata)
    OSCfg_IntQTaskStkLimit                   0x080112fc   Data           4  os_cfg_app.o(.constdata)
    OSCfg_IntQTaskStkSize                    0x08011300   Data           4  os_cfg_app.o(.constdata)
    OSCfg_IntQTaskStkSizeRAM                 0x08011304   Data           4  os_cfg_app.o(.constdata)
    OSCfg_ISRStkBasePtr                      0x08011308   Data           4  os_cfg_app.o(.constdata)
    OSCfg_ISRStkSize                         0x0801130c   Data           4  os_cfg_app.o(.constdata)
    OSCfg_ISRStkSizeRAM                      0x08011310   Data           4  os_cfg_app.o(.constdata)
    OSCfg_MsgPoolSize                        0x08011314   Data           2  os_cfg_app.o(.constdata)
    OSCfg_MsgPoolSizeRAM                     0x08011318   Data           4  os_cfg_app.o(.constdata)
    OSCfg_MsgPoolBasePtr                     0x0801131c   Data           4  os_cfg_app.o(.constdata)
    OSCfg_StatTaskPrio                       0x08011320   Data           1  os_cfg_app.o(.constdata)
    OSCfg_StatTaskRate_Hz                    0x08011324   Data           4  os_cfg_app.o(.constdata)
    OSCfg_StatTaskStkBasePtr                 0x08011328   Data           4  os_cfg_app.o(.constdata)
    OSCfg_StatTaskStkLimit                   0x0801132c   Data           4  os_cfg_app.o(.constdata)
    OSCfg_StatTaskStkSize                    0x08011330   Data           4  os_cfg_app.o(.constdata)
    OSCfg_StatTaskStkSizeRAM                 0x08011334   Data           4  os_cfg_app.o(.constdata)
    OSCfg_StkSizeMin                         0x08011338   Data           4  os_cfg_app.o(.constdata)
    OSCfg_TickRate_Hz                        0x0801133c   Data           4  os_cfg_app.o(.constdata)
    OSCfg_TickTaskPrio                       0x08011340   Data           1  os_cfg_app.o(.constdata)
    OSCfg_TickTaskStkBasePtr                 0x08011344   Data           4  os_cfg_app.o(.constdata)
    OSCfg_TickTaskStkLimit                   0x08011348   Data           4  os_cfg_app.o(.constdata)
    OSCfg_TickTaskStkSize                    0x0801134c   Data           4  os_cfg_app.o(.constdata)
    OSCfg_TickTaskStkSizeRAM                 0x08011350   Data           4  os_cfg_app.o(.constdata)
    OSCfg_TickWheelSize                      0x08011354   Data           2  os_cfg_app.o(.constdata)
    OSCfg_TickWheelSizeRAM                   0x08011358   Data           4  os_cfg_app.o(.constdata)
    OSCfg_TmrTaskPrio                        0x0801135c   Data           1  os_cfg_app.o(.constdata)
    OSCfg_TmrTaskRate_Hz                     0x08011360   Data           4  os_cfg_app.o(.constdata)
    OSCfg_TmrTaskStkBasePtr                  0x08011364   Data           4  os_cfg_app.o(.constdata)
    OSCfg_TmrTaskStkLimit                    0x08011368   Data           4  os_cfg_app.o(.constdata)
    OSCfg_TmrTaskStkSize                     0x0801136c   Data           4  os_cfg_app.o(.constdata)
    OSCfg_TmrTaskStkSizeRAM                  0x08011370   Data           4  os_cfg_app.o(.constdata)
    OSCfg_TmrWheelSize                       0x08011374   Data           2  os_cfg_app.o(.constdata)
    OSCfg_TmrWheelSizeRAM                    0x08011378   Data           4  os_cfg_app.o(.constdata)
    OSCfg_DataSizeRAM                        0x0801137c   Data           4  os_cfg_app.o(.constdata)
    OSDbg_DbgEn                              0x08011380   Data           2  os_dbg.o(.constdata)
    OSDbg_ArgChkEn                           0x08011382   Data           1  os_dbg.o(.constdata)
    OSDbg_AppHooksEn                         0x08011383   Data           1  os_dbg.o(.constdata)
    OSDbg_EndiannessTest                     0x08011384   Data           4  os_dbg.o(.constdata)
    OSDbg_CalledFromISRChkEn                 0x08011388   Data           1  os_dbg.o(.constdata)
    OSDbg_FlagEn                             0x08011389   Data           1  os_dbg.o(.constdata)
    OSDbg_FlagGrp                            0x0801138c   Data          40  os_dbg.o(.constdata)
    OSDbg_FlagDelEn                          0x080113b4   Data           1  os_dbg.o(.constdata)
    OSDbg_FlagModeClrEn                      0x080113b5   Data           1  os_dbg.o(.constdata)
    OSDbg_FlagPendAbortEn                    0x080113b6   Data           1  os_dbg.o(.constdata)
    OSDbg_FlagGrpSize                        0x080113b8   Data           2  os_dbg.o(.constdata)
    OSDbg_FlagWidth                          0x080113ba   Data           2  os_dbg.o(.constdata)
    OSDbg_IntQ                               0x080113bc   Data           2  os_dbg.o(.constdata)
    OSDbg_ISRPostDeferredEn                  0x080113be   Data           1  os_dbg.o(.constdata)
    OSDbg_Mem                                0x080113c0   Data          32  os_dbg.o(.constdata)
    OSDbg_MemEn                              0x080113e0   Data           1  os_dbg.o(.constdata)
    OSDbg_MemSize                            0x080113e2   Data           2  os_dbg.o(.constdata)
    OSDbg_MsgEn                              0x080113e4   Data           1  os_dbg.o(.constdata)
    OSDbg_MsgSize                            0x080113e6   Data           2  os_dbg.o(.constdata)
    OSDbg_MsgPoolSize                        0x080113e8   Data           2  os_dbg.o(.constdata)
    OSDbg_MsgQSize                           0x080113ea   Data           2  os_dbg.o(.constdata)
    OSDbg_Mutex                              0x080113ec   Data          44  os_dbg.o(.constdata)
    OSDbg_MutexEn                            0x08011418   Data           1  os_dbg.o(.constdata)
    OSDbg_MutexDelEn                         0x08011419   Data           1  os_dbg.o(.constdata)
    OSDbg_MutexPendAbortEn                   0x0801141a   Data           1  os_dbg.o(.constdata)
    OSDbg_MutexSize                          0x0801141c   Data           2  os_dbg.o(.constdata)
    OSDbg_ObjTypeChkEn                       0x0801141e   Data           1  os_dbg.o(.constdata)
    OSDbg_PendMultiEn                        0x0801141f   Data           1  os_dbg.o(.constdata)
    OSDbg_PendDataSize                       0x08011420   Data           2  os_dbg.o(.constdata)
    OSDbg_PendListSize                       0x08011422   Data           2  os_dbg.o(.constdata)
    OSDbg_PendObjSize                        0x08011424   Data           2  os_dbg.o(.constdata)
    OSDbg_PrioMax                            0x08011426   Data           2  os_dbg.o(.constdata)
    OSDbg_PrioTblSize                        0x08011428   Data           2  os_dbg.o(.constdata)
    OSDbg_PtrSize                            0x0801142a   Data           2  os_dbg.o(.constdata)
    OSDbg_Q                                  0x0801142c   Data          48  os_dbg.o(.constdata)
    OSDbg_QEn                                0x0801145c   Data           1  os_dbg.o(.constdata)
    OSDbg_QDelEn                             0x0801145d   Data           1  os_dbg.o(.constdata)
    OSDbg_QFlushEn                           0x0801145e   Data           1  os_dbg.o(.constdata)
    OSDbg_QPendAbortEn                       0x0801145f   Data           1  os_dbg.o(.constdata)
    OSDbg_QSize                              0x08011460   Data           2  os_dbg.o(.constdata)
    OSDbg_SchedRoundRobinEn                  0x08011462   Data           1  os_dbg.o(.constdata)
    OSDbg_Sem                                0x08011464   Data          40  os_dbg.o(.constdata)
    OSDbg_SemEn                              0x0801148c   Data           1  os_dbg.o(.constdata)
    OSDbg_SemDelEn                           0x0801148d   Data           1  os_dbg.o(.constdata)
    OSDbg_SemPendAbortEn                     0x0801148e   Data           1  os_dbg.o(.constdata)
    OSDbg_SemSetEn                           0x0801148f   Data           1  os_dbg.o(.constdata)
    OSDbg_SemSize                            0x08011490   Data           2  os_dbg.o(.constdata)
    OSDbg_RdyList                            0x08011492   Data           2  os_dbg.o(.constdata)
    OSDbg_RdyListSize                        0x08011494   Data           4  os_dbg.o(.constdata)
    OSDbg_StkWidth                           0x08011498   Data           1  os_dbg.o(.constdata)
    OSDbg_StatTaskEn                         0x08011499   Data           1  os_dbg.o(.constdata)
    OSDbg_StatTaskStkChkEn                   0x0801149a   Data           1  os_dbg.o(.constdata)
    OSDbg_TaskChangePrioEn                   0x0801149b   Data           1  os_dbg.o(.constdata)
    OSDbg_TaskDelEn                          0x0801149c   Data           1  os_dbg.o(.constdata)
    OSDbg_TaskQEn                            0x0801149d   Data           1  os_dbg.o(.constdata)
    OSDbg_TaskQPendAbortEn                   0x0801149e   Data           1  os_dbg.o(.constdata)
    OSDbg_TaskProfileEn                      0x0801149f   Data           1  os_dbg.o(.constdata)
    OSDbg_TaskRegTblSize                     0x080114a0   Data           2  os_dbg.o(.constdata)
    OSDbg_TaskSemPendAbortEn                 0x080114a2   Data           1  os_dbg.o(.constdata)
    OSDbg_TaskSuspendEn                      0x080114a3   Data           1  os_dbg.o(.constdata)
    OSDbg_TCBSize                            0x080114a4   Data           2  os_dbg.o(.constdata)
    OSDbg_TickSpokeSize                      0x080114a6   Data           2  os_dbg.o(.constdata)
    OSDbg_TimeDlyHMSMEn                      0x080114a8   Data           1  os_dbg.o(.constdata)
    OSDbg_TimeDlyResumeEn                    0x080114a9   Data           1  os_dbg.o(.constdata)
    OSDbg_TLS_TblSize                        0x080114aa   Data           2  os_dbg.o(.constdata)
    OSDbg_Tmr                                0x080114ac   Data          52  os_dbg.o(.constdata)
    OSDbg_TmrEn                              0x080114e0   Data           1  os_dbg.o(.constdata)
    OSDbg_TmrDelEn                           0x080114e1   Data           1  os_dbg.o(.constdata)
    OSDbg_TmrSize                            0x080114e2   Data           2  os_dbg.o(.constdata)
    OSDbg_TmrSpokeSize                       0x080114e4   Data           2  os_dbg.o(.constdata)
    OSDbg_VersionNbr                         0x080114e6   Data           2  os_dbg.o(.constdata)
    OSDbg_DataSize                           0x080114e8   Data           4  os_dbg.o(.constdata)
    __ctype_categories                       0x080114ec   Data          64  ctype_c.o(.constdata)
    Region$$Table$$Base                      0x0801152c   Number         0  anon$$obj.o(Region$$Table)
    Region$$Table$$Limit                     0x0801154c   Number         0  anon$$obj.o(Region$$Table)
    g_oled_display_flag                      0x20000000   Data           4  main.o(.data)
    g_oled_display_time_count                0x20000004   Data           4  main.o(.data)
    node1                                    0x20000008   Data           4  main.o(.data)
    SystemCoreClock                          0x20000010   Data           4  system_stm32f10x.o(.data)
    AHBPrescTable                            0x20000014   Data          16  system_stm32f10x.o(.data)
    USART2_RX_STA                            0x20000028   Data           2  usart2.o(.data)
    USART3_RX_STA                            0x2000002a   Data           2  usart3.o(.data)
    __stdout                                 0x20000030   Data           4  usart.o(.data)
    USART_RX_STA                             0x20000034   Data           2  usart.o(.data)
    CPU_TS_TmrFreq_Hz                        0x2000004c   Data           4  cpu_core.o(.data)
    Mem_PoolTbl                              0x20000050   Data           4  lib_mem.o(.data)
    OSPrioTbl                                0x20000054   Data           8  os_prio.o(.data)
    OS_AppTaskCreateHookPtr                  0x2000005c   Data           4  os_var.o(.data)
    OS_AppTaskDelHookPtr                     0x20000060   Data           4  os_var.o(.data)
    OS_AppTaskReturnHookPtr                  0x20000064   Data           4  os_var.o(.data)
    OS_AppIdleTaskHookPtr                    0x20000068   Data           4  os_var.o(.data)
    OS_AppStatTaskHookPtr                    0x2000006c   Data           4  os_var.o(.data)
    OS_AppTaskSwHookPtr                      0x20000070   Data           4  os_var.o(.data)
    OS_AppTimeTickHookPtr                    0x20000074   Data           4  os_var.o(.data)
    OSIdleTaskCtr                            0x20000078   Data           4  os_var.o(.data)
    OSIntNestingCtr                          0x2000007c   Data           1  os_var.o(.data)
    OSRunning                                0x2000007d   Data           1  os_var.o(.data)
    OSIntQInPtr                              0x20000080   Data           4  os_var.o(.data)
    OSIntQOutPtr                             0x20000084   Data           4  os_var.o(.data)
    OSIntQNbrEntries                         0x20000088   Data           2  os_var.o(.data)
    OSIntQNbrEntriesMax                      0x2000008a   Data           2  os_var.o(.data)
    OSIntQOvfCtr                             0x2000008c   Data           2  os_var.o(.data)
    OSIntQTaskTimeMax                        0x20000090   Data           4  os_var.o(.data)
    OSFlagDbgListPtr                         0x20000094   Data           4  os_var.o(.data)
    OSFlagQty                                0x20000098   Data           2  os_var.o(.data)
    OSMemDbgListPtr                          0x2000009c   Data           4  os_var.o(.data)
    OSMemQty                                 0x200000a0   Data           2  os_var.o(.data)
    OSMutexDbgListPtr                        0x200000a4   Data           4  os_var.o(.data)
    OSMutexQty                               0x200000a8   Data           2  os_var.o(.data)
    OSPrioCur                                0x200000aa   Data           1  os_var.o(.data)
    OSPrioHighRdy                            0x200000ab   Data           1  os_var.o(.data)
    OSPrioSaved                              0x200000ac   Data           1  os_var.o(.data)
    OSQDbgListPtr                            0x200000b0   Data           4  os_var.o(.data)
    OSQQty                                   0x200000b4   Data           2  os_var.o(.data)
    OSSchedLockTimeBegin                     0x200000b8   Data           4  os_var.o(.data)
    OSSchedLockTimeMax                       0x200000bc   Data           4  os_var.o(.data)
    OSSchedLockTimeMaxCur                    0x200000c0   Data           4  os_var.o(.data)
    OSSchedLockNestingCtr                    0x200000c4   Data           1  os_var.o(.data)
    OSSchedRoundRobinDfltTimeQuanta          0x200000c8   Data           4  os_var.o(.data)
    OSSchedRoundRobinEn                      0x200000cc   Data           1  os_var.o(.data)
    OSSemDbgListPtr                          0x200000d0   Data           4  os_var.o(.data)
    OSSemQty                                 0x200000d4   Data           2  os_var.o(.data)
    OSStatResetFlag                          0x200000d6   Data           1  os_var.o(.data)
    OSStatTaskCPUUsage                       0x200000d8   Data           2  os_var.o(.data)
    OSStatTaskCPUUsageMax                    0x200000da   Data           2  os_var.o(.data)
    OSStatTaskCtr                            0x200000dc   Data           4  os_var.o(.data)
    OSStatTaskCtrMax                         0x200000e0   Data           4  os_var.o(.data)
    OSStatTaskCtrRun                         0x200000e4   Data           4  os_var.o(.data)
    OSStatTaskRdy                            0x200000e8   Data           1  os_var.o(.data)
    OSStatTaskTimeMax                        0x200000ec   Data           4  os_var.o(.data)
    OSTaskCtxSwCtr                           0x200000f0   Data           4  os_var.o(.data)
    OSTaskDbgListPtr                         0x200000f4   Data           4  os_var.o(.data)
    OSTaskQty                                0x200000f8   Data           2  os_var.o(.data)
    OSTaskRegNextAvailID                     0x200000fa   Data           1  os_var.o(.data)
    OSTickCtr                                0x200000fc   Data           4  os_var.o(.data)
    OSTickTaskTimeMax                        0x20000100   Data           4  os_var.o(.data)
    OSTmrDbgListPtr                          0x20000104   Data           4  os_var.o(.data)
    OSTmrQty                                 0x20000108   Data           2  os_var.o(.data)
    OSTmrTaskTimeMax                         0x2000010c   Data           4  os_var.o(.data)
    OSTmrTickCtr                             0x20000110   Data           4  os_var.o(.data)
    OSTmrUpdateCnt                           0x20000114   Data           4  os_var.o(.data)
    OSTmrUpdateCtr                           0x20000118   Data           4  os_var.o(.data)
    OSTCBCurPtr                              0x2000011c   Data           4  os_var.o(.data)
    OSTCBHighRdyPtr                          0x20000120   Data           4  os_var.o(.data)
    OS_CPU_ExceptStkBase                     0x20000124   Data           4  os_cpu_c.o(.data)
    __microlib_freelist                      0x2000013c   Data           4  mvars.o(.data)
    __microlib_freelist_initialised          0x20000140   Data           4  mvars.o(.data)
    StartTaskTCB                             0x20000148   Data         196  main.o(.bss)
    START_TASK_STK                           0x2000020c   Data        2048  main.o(.bss)
    DHT11_Task_TCB                           0x20000a0c   Data         196  main.o(.bss)
    DHT11_TASK_STK                           0x20000ad0   Data         512  main.o(.bss)
    TDLAS_Task_TCB                           0x20000cd0   Data         196  main.o(.bss)
    TDLAS_TASK_STK                           0x20000d94   Data        2048  main.o(.bss)
    MQ135_Task_TCB                           0x20001594   Data         196  main.o(.bss)
    MQ135_TASK_STK                           0x20001658   Data         512  main.o(.bss)
    MQ4_Task_TCB                             0x20001858   Data         196  main.o(.bss)
    MQ4_TASK_STK                             0x2000191c   Data         512  main.o(.bss)
    IWG_Task_TCB                             0x20001b1c   Data         196  main.o(.bss)
    IWG_TASK_STK                             0x20001be0   Data         512  main.o(.bss)
    SAVE_Task_TCB                            0x20001de0   Data         196  main.o(.bss)
    SAVE_TASK_STK                            0x20001ea4   Data        2048  main.o(.bss)
    LORA_Task_TCB                            0x200026a4   Data         196  main.o(.bss)
    LORA_TASK_STK                            0x20002768   Data        2048  main.o(.bss)
    RTC_Task_TCB                             0x20002f68   Data         196  main.o(.bss)
    RTC_TASK_STK                             0x2000302c   Data         512  main.o(.bss)
    Led0TaskTCB                              0x2000322c   Data         196  main.o(.bss)
    LED0_TASK_STK                            0x200032f0   Data         512  main.o(.bss)
    Led1TaskTCB                              0x200034f0   Data         196  main.o(.bss)
    LED1_TASK_STK                            0x200035b4   Data         512  main.o(.bss)
    BEEP_Task_TCB                            0x200037b4   Data         196  main.o(.bss)
    BEEP_TASK_STK                            0x20003878   Data         512  main.o(.bss)
    KEY_Task_TCB                             0x20003a78   Data         196  main.o(.bss)
    KEY_TASK_STK                             0x20003b3c   Data         512  main.o(.bss)
    TASK_STA_Task_TCB                        0x20003d3c   Data         196  main.o(.bss)
    TASK_STA_TASK_STK                        0x20003e00   Data         512  main.o(.bss)
    FloatTaskTCB                             0x20004000   Data         196  main.o(.bss)
    FLOAT_TASK_STK                           0x200040c8   Data         512  main.o(.bss)
    g_flag_grp                               0x200042c8   Data          40  main.o(.bss)
    g_sem_led                                0x200042f0   Data          40  main.o(.bss)
    g_sem_beep                               0x20004318   Data          40  main.o(.bss)
    g_mutex_printf                           0x20004340   Data          44  main.o(.bss)
    g_mutex_oled                             0x2000436c   Data          44  main.o(.bss)
    g_mutex_lcd                              0x20004398   Data          44  main.o(.bss)
    g_mutex_TDLAS                            0x200043c4   Data          44  main.o(.bss)
    g_mutex_DHT11                            0x200043f0   Data          44  main.o(.bss)
    g_mutex_NODE                             0x2000441c   Data          44  main.o(.bss)
    g_queue_usart1                           0x20004448   Data          48  main.o(.bss)
    g_queue_usart2                           0x20004478   Data          48  main.o(.bss)
    g_queue_usart3                           0x200044a8   Data          48  main.o(.bss)
    g_queue_dht11_to_lora                    0x200044d8   Data          48  main.o(.bss)
    g_queue_dht11_to_txt                     0x20004508   Data          48  main.o(.bss)
    g_queue_TDLAS_to_lora                    0x20004538   Data          48  main.o(.bss)
    g_queue_TDLAS_to_txt                     0x20004568   Data          48  main.o(.bss)
    g_queue_MQ135_to_lora                    0x20004598   Data          48  main.o(.bss)
    g_queue_MQ135_to_txt                     0x200045c8   Data          48  main.o(.bss)
    g_queue_MQ4_to_lora                      0x200045f8   Data          48  main.o(.bss)
    g_queue_MQ4_to_txt                       0x20004628   Data          48  main.o(.bss)
    node_1                                   0x20004658   Data          24  main.o(.bss)
    temp_buf                                 0x20004670   Data          16  main.o(.bss)
    humi_buf                                 0x20004680   Data          16  main.o(.bss)
    TDLAS                                    0x20004690   Data          20  main.o(.bss)
    USART2_RX_BUF                            0x200046a4   Data         600  usart2.o(.bss)
    USART2_TX_BUF                            0x200048fc   Data         600  usart2.o(.bss)
    USART3_RX_BUF                            0x20004b54   Data         600  usart3.o(.bss)
    USART3_TX_BUF                            0x20004dac   Data         600  usart3.o(.bss)
    USART_RX_BUF                             0x20005014   Data         200  usart.o(.bss)
    CPU_Name                                 0x200050dc   Data          16  cpu_core.o(.bss)
    Mem_PoolHeap                             0x200050ec   Data          72  lib_mem.o(.bss)
    Mem_Heap                                 0x20005134   Data        1024  lib_mem.o(.bss)
    OSCfg_IdleTaskStk                        0x20005534   Data         512  os_cfg_app.o(.bss)
    OSCfg_IntQ                               0x20005734   Data         320  os_cfg_app.o(.bss)
    OSCfg_IntQTaskStk                        0x20005874   Data         512  os_cfg_app.o(.bss)
    OSCfg_ISRStk                             0x20005a74   Data         512  os_cfg_app.o(.bss)
    OSCfg_MsgPool                            0x20005c74   Data        1600  os_cfg_app.o(.bss)
    OSCfg_StatTaskStk                        0x200062b4   Data         512  os_cfg_app.o(.bss)
    OSCfg_TickTaskStk                        0x200064b4   Data         512  os_cfg_app.o(.bss)
    OSCfg_TickWheel                          0x200066b4   Data         136  os_cfg_app.o(.bss)
    OSCfg_TmrTaskStk                         0x2000673c   Data         512  os_cfg_app.o(.bss)
    OSCfg_TmrWheel                           0x2000693c   Data         136  os_cfg_app.o(.bss)
    OSIdleTaskTCB                            0x200069c4   Data         196  os_var.o(.bss)
    OSIntQTaskTCB                            0x20006a88   Data         196  os_var.o(.bss)
    OSMsgPool                                0x20006b4c   Data          12  os_var.o(.bss)
    OSRdyList                                0x20006b58   Data         768  os_var.o(.bss)
    OSStatTaskTCB                            0x20006e58   Data         196  os_var.o(.bss)
    OSTickTaskTCB                            0x20006f1c   Data         196  os_var.o(.bss)
    OSTmrTaskTCB                             0x20006fe0   Data         196  os_var.o(.bss)
    __heap_base                              0x200070b8   Data           0  startup_stm32f10x_hd.o(HEAP)
    __heap_limit                             0x200080b8   Data           0  startup_stm32f10x_hd.o(HEAP)
    __initial_sp                             0x20008cb8   Data           0  startup_stm32f10x_hd.o(STACK)
    mem2base                                 0x68000000   Data       983040  malloc.o(.ARM.__AT_0x68000000)
    mem2mapbase                              0x680f0000   Data       61440  malloc.o(.ARM.__AT_0x680F0000)



==============================================================================

Memory Map of the image

  Image Entry point : 0x08000131

  Load Region LR_IROM1 (Base: 0x08000000, Size: 0x00011690, Max: 0x00080000, ABSOLUTE, COMPRESSED[0x00011578])

    Execution Region ER_IROM1 (Base: 0x08000000, Size: 0x0001154c, Max: 0x00080000, ABSOLUTE)

    Base Addr    Size         Type   Attr      Idx    E Section Name        Object

    0x08000000   0x00000130   Data   RO          452    RESET               startup_stm32f10x_hd.o
    0x08000130   0x00000000   Code   RO         1129  * .ARM.Collect$$$$00000000  mc_w.l(entry.o)
    0x08000130   0x00000004   Code   RO         1473    .ARM.Collect$$$$00000001  mc_w.l(entry2.o)
    0x08000134   0x00000004   Code   RO         1476    .ARM.Collect$$$$00000004  mc_w.l(entry5.o)
    0x08000138   0x00000000   Code   RO         1478    .ARM.Collect$$$$00000008  mc_w.l(entry7b.o)
    0x08000138   0x00000000   Code   RO         1480    .ARM.Collect$$$$0000000A  mc_w.l(entry8b.o)
    0x08000138   0x00000008   Code   RO         1481    .ARM.Collect$$$$0000000B  mc_w.l(entry9a.o)
    0x08000140   0x00000000   Code   RO         1483    .ARM.Collect$$$$0000000D  mc_w.l(entry10a.o)
    0x08000140   0x00000000   Code   RO         1485    .ARM.Collect$$$$0000000F  mc_w.l(entry11a.o)
    0x08000140   0x00000004   Code   RO         1474    .ARM.Collect$$$$00002712  mc_w.l(entry2.o)
    0x08000144   0x00000cf8   Code   RO            1    .text               main.o
    0x08000e3c   0x00000016   Code   RO          175    .text               stm32f10x_it.o
    0x08000e52   0x00000002   PAD
    0x08000e54   0x000001e0   Code   RO          213    .text               system_stm32f10x.o
    0x08001034   0x000002fc   Code   RO          247    .text               dht11.o
    0x08001330   0x0000004c   Code   RO          261    .text               led.o
    0x0800137c   0x00000770   Code   RO          273    .text               oled.o
    0x08001aec   0x000001e0   Code   RO          296    .text               usart2.o
    0x08001ccc   0x00000258   Code   RO          364    .text               usart3.o
    0x08001f24   0x0000014c   Code   RO          383    .text               delay.o
    0x08002070   0x000001dc   Code   RO          417    .text               usart.o
    0x0800224c   0x00000024   Code   RO          453    .text               startup_stm32f10x_hd.o
    0x08002270   0x000000dc   Code   RO          457    .text               misc.o
    0x0800234c   0x0000035c   Code   RO          553    .text               stm32f10x_gpio.o
    0x080026a8   0x000003a4   Code   RO          580    .text               stm32f10x_rcc.o
    0x08002a4c   0x00000408   Code   RO          630    .text               stm32f10x_usart.o
    0x08002e54   0x00000084   Code   RO          642    .text               bsp.o
    0x08002ed8   0x000002a8   Code   RO          657    .text               cpu_core.o
    0x08003180   0x00000034   Code   RO          695    .text               cpu_a.o
    0x080031b4   0x00000256   Code   RO          698    .text               lib_ascii.o
    0x0800340a   0x00000002   PAD
    0x0800340c   0x000009c6   Code   RO          731    .text               lib_mem.o
    0x08003dd2   0x00000002   PAD
    0x08003dd4   0x0000092c   Code   RO          750    .text               lib_str.o
    0x08004700   0x00000220   Code   RO          767    .text               lib_mem_a.o
    0x08004920   0x000000fc   Code   RO          770    .text               os_cfg_app.o
    0x08004a1c   0x00000e04   Code   RO          793    .text               os_core.o
    0x08005820   0x000001b0   Code   RO          805    .text               os_dbg.o
    0x080059d0   0x00000e28   Code   RO          820    .text               os_flag.o
    0x080067f8   0x00000444   Code   RO          832    .text               os_int.o
    0x08006c3c   0x00000238   Code   RO          844    .text               os_mem.o
    0x08006e74   0x0000022c   Code   RO          856    .text               os_msg.o
    0x080070a0   0x00000ad4   Code   RO          868    .text               os_mutex.o
    0x08007b74   0x00000304   Code   RO          880    .text               os_pend_multi.o
    0x08007e78   0x0000007c   Code   RO          892    .text               os_prio.o
    0x08007ef4   0x000008d8   Code   RO          911    .text               os_q.o
    0x080087cc   0x00000830   Code   RO          923    .text               os_sem.o
    0x08008ffc   0x00000638   Code   RO          935    .text               os_stat.o
    0x08009634   0x00001bb8   Code   RO          947    .text               os_task.o
    0x0800b1ec   0x000004fc   Code   RO          959    .text               os_tick.o
    0x0800b6e8   0x00000564   Code   RO          971    .text               os_time.o
    0x0800bc4c   0x00000818   Code   RO          983    .text               os_tmr.o
    0x0800c464   0x0000026c   Code   RO         1012    .text               os_cpu_c.o
    0x0800c6d0   0x0000226c   Code   RO         1045    .text               cjson.o
    0x0800e93c   0x00000062   Code   RO         1132    .text               mc_w.l(uldiv.o)
    0x0800e99e   0x0000000c   Code   RO         1134    .text               mc_w.l(tolower.o)
    0x0800e9aa   0x00000024   Code   RO         1136    .text               mc_w.l(memcpya.o)
    0x0800e9ce   0x00000024   Code   RO         1138    .text               mc_w.l(memseta.o)
    0x0800e9f2   0x00000018   Code   RO         1140    .text               mc_w.l(strcat.o)
    0x0800ea0a   0x00000024   Code   RO         1142    .text               mc_w.l(strstr.o)
    0x0800ea2e   0x0000000e   Code   RO         1144    .text               mc_w.l(strlen.o)
    0x0800ea3c   0x0000001c   Code   RO         1146    .text               mc_w.l(strcmp.o)
    0x0800ea58   0x00000012   Code   RO         1148    .text               mc_w.l(strcpy.o)
    0x0800ea6a   0x0000001e   Code   RO         1150    .text               mc_w.l(strncmp.o)
    0x0800ea88   0x00000038   Code   RO         1443    .text               mc_w.l(__0sscanf.o)
    0x0800eac0   0x00000338   Code   RO         1445    .text               mc_w.l(scanf_fp.o)
    0x0800edf8   0x0000014e   Code   RO         1453    .text               mf_w.l(dadd.o)
    0x0800ef46   0x000000e4   Code   RO         1455    .text               mf_w.l(dmul.o)
    0x0800f02a   0x000000de   Code   RO         1457    .text               mf_w.l(ddiv.o)
    0x0800f108   0x00000022   Code   RO         1461    .text               mf_w.l(dflti.o)
    0x0800f12a   0x0000003e   Code   RO         1465    .text               mf_w.l(dfixi.o)
    0x0800f168   0x00000026   Code   RO         1467    .text               mf_w.l(f2d.o)
    0x0800f18e   0x00000002   PAD
    0x0800f190   0x00000030   Code   RO         1469    .text               mf_w.l(cdcmple.o)
    0x0800f1c0   0x00000030   Code   RO         1471    .text               mf_w.l(cdrcmple.o)
    0x0800f1f0   0x0000002c   Code   RO         1487    .text               mc_w.l(uidiv.o)
    0x0800f21c   0x0000001e   Code   RO         1489    .text               mc_w.l(llshl.o)
    0x0800f23a   0x00000020   Code   RO         1491    .text               mc_w.l(llushr.o)
    0x0800f25a   0x00000024   Code   RO         1493    .text               mc_w.l(llsshr.o)
    0x0800f27e   0x00000002   PAD
    0x0800f280   0x00000028   Code   RO         1497    .text               mc_w.l(scanf_char.o)
    0x0800f2a8   0x00000040   Code   RO         1499    .text               mc_w.l(_sgetc.o)
    0x0800f2e8   0x0000009c   Code   RO         1501    .text               mc_w.l(strtod.o)
    0x0800f384   0x00000000   Code   RO         1503    .text               mc_w.l(iusefp.o)
    0x0800f384   0x0000006e   Code   RO         1504    .text               mf_w.l(fepilogue.o)
    0x0800f3f2   0x000000ba   Code   RO         1506    .text               mf_w.l(depilogue.o)
    0x0800f4ac   0x00000018   Code   RO         1508    .text               mf_w.l(dfltul.o)
    0x0800f4c4   0x00000030   Code   RO         1510    .text               mf_w.l(dfixul.o)
    0x0800f4f4   0x00000038   Code   RO         1512    .text               mf_w.l(d2f.o)
    0x0800f52c   0x00000024   Code   RO         1514    .text               mc_w.l(init.o)
    0x0800f550   0x0000000a   Code   RO         1516    .text               mc_w.l(isspace_c.o)
    0x0800f55a   0x00000002   PAD
    0x0800f55c   0x0000032c   Code   RO         1518    .text               mc_w.l(_scanf.o)
    0x0800f888   0x00000028   Code   RO         1520    .text               mc_w.l(ctype_c.o)
    0x0800f8b0   0x00000056   Code   RO         1531    .text               mc_w.l(__dczerorl2.o)
    0x0800f906   0x00000002   PAD
    0x0800f908   0x00000098   Code   RO         1009    CODE                os_cpu_a.o
    0x0800f9a0   0x00000020   Code   RO         1387    i.__0printf         mc_w.l(printfa.o)
    0x0800f9c0   0x00000028   Code   RO         1389    i.__0sprintf        mc_w.l(printfa.o)
    0x0800f9e8   0x00000010   Code   RO         1391    i.__0vprintf        mc_w.l(printfa.o)
    0x0800f9f8   0x00000024   Code   RO         1393    i.__0vsprintf       mc_w.l(printfa.o)
    0x0800fa1c   0x0000005c   Code   RO         1419    i.__free$realloc    mc_w.l(mallocr.o)
    0x0800fa78   0x00000050   Code   RO         1420    i.__malloc$realloc  mc_w.l(mallocr.o)
    0x0800fac8   0x0000000e   Code   RO         1525    i.__scatterload_copy  mc_w.l(handlers.o)
    0x0800fad6   0x00000002   Code   RO         1526    i.__scatterload_null  mc_w.l(handlers.o)
    0x0800fad8   0x0000000e   Code   RO         1527    i.__scatterload_zeroinit  mc_w.l(handlers.o)
    0x0800fae6   0x00000002   PAD
    0x0800fae8   0x00000164   Code   RO         1394    i._fp_digits        mc_w.l(printfa.o)
    0x0800fc4c   0x0000000e   Code   RO         1447    i._is_digit         mc_w.l(scanf_fp.o)
    0x0800fc5a   0x00000002   PAD
    0x0800fc5c   0x000006dc   Code   RO         1395    i._printf_core      mc_w.l(printfa.o)
    0x08010338   0x00000024   Code   RO         1396    i._printf_post_padding  mc_w.l(printfa.o)
    0x0801035c   0x0000002e   Code   RO         1397    i._printf_pre_padding  mc_w.l(printfa.o)
    0x0801038a   0x0000000a   Code   RO         1399    i._sputc            mc_w.l(printfa.o)
    0x08010394   0x00000050   Code   RO         1421    i.internal_alloc    mc_w.l(mallocr.o)
    0x080103e4   0x0000006c   Code   RO         1422    i.realloc           mc_w.l(mallocr.o)
    0x08010450   0x0000001c   Code   RO         1126    i.strtod            m_ws.l(strtod.o)
    0x0801046c   0x00000cd8   Data   RO          274    .constdata          oled.o
    0x08011144   0x00000104   Data   RO          659    .constdata          cpu_core.o
    0x08011248   0x00000094   Data   RO          751    .constdata          lib_str.o
    0x080112dc   0x000000a4   Data   RO          772    .constdata          os_cfg_app.o
    0x08011380   0x0000016c   Data   RO          806    .constdata          os_dbg.o
    0x080114ec   0x00000040   Data   RO         1521    .constdata          mc_w.l(ctype_c.o)
    0x0801152c   0x00000020   Data   RO         1523    Region$$Table       anon$$obj.o


    Execution Region RW_IRAM1 (Base: 0x20000000, Size: 0x00008cb8, Max: 0x00010000, ABSOLUTE, COMPRESSED[0x0000002c])

    Base Addr    Size         Type   Attr      Idx    E Section Name        Object

    0x20000000   0x00000010   Data   RW            3    .data               main.o
    0x20000010   0x00000014   Data   RW          214    .data               system_stm32f10x.o
    0x20000024   0x00000004   Data   RW          275    .data               oled.o
    0x20000028   0x00000002   Data   RW          298    .data               usart2.o
    0x2000002a   0x00000002   Data   RW          366    .data               usart3.o
    0x2000002c   0x00000004   Data   RW          384    .data               delay.o
    0x20000030   0x00000006   Data   RW          419    .data               usart.o
    0x20000036   0x00000014   Data   RW          581    .data               stm32f10x_rcc.o
    0x2000004a   0x00000002   PAD
    0x2000004c   0x00000004   Data   RW          660    .data               cpu_core.o
    0x20000050   0x00000004   Data   RW          733    .data               lib_mem.o
    0x20000054   0x00000008   Data   RW          893    .data               os_prio.o
    0x2000005c   0x000000c8   Data   RW          996    .data               os_var.o
    0x20000124   0x00000004   Data   RW         1013    .data               os_cpu_c.o
    0x20000128   0x00000014   Data   RW         1047    .data               cjson.o
    0x2000013c   0x00000004   Data   RW         1495    .data               mc_w.l(mvars.o)
    0x20000140   0x00000004   Data   RW         1496    .data               mc_w.l(mvars.o)
    0x20000144   0x00000004   PAD
    0x20000148   0x0000455c   Zero   RW            2    .bss                main.o
    0x200046a4   0x000004b0   Zero   RW          297    .bss                usart2.o
    0x20004b54   0x000004c0   Zero   RW          365    .bss                usart3.o
    0x20005014   0x000000c8   Zero   RW          418    .bss                usart.o
    0x200050dc   0x00000010   Zero   RW          658    .bss                cpu_core.o
    0x200050ec   0x00000448   Zero   RW          732    .bss                lib_mem.o
    0x20005534   0x00001490   Zero   RW          771    .bss                os_cfg_app.o
    0x200069c4   0x000006e0   Zero   RW          995    .bss                os_var.o
    0x200070a4   0x0000000f   Zero   RW         1046    .bss                cjson.o
    0x200070b3   0x00000005   PAD
    0x200070b8   0x00001000   Zero   RW          451    HEAP                startup_stm32f10x_hd.o
    0x200080b8   0x00000c00   Zero   RW          450    STACK               startup_stm32f10x_hd.o



  Load Region LR$$.ARM.__AT_0x68000000 (Base: 0x68000000, Size: 0x00000000, Max: 0x000f0000, ABSOLUTE)

    Execution Region ER$$.ARM.__AT_0x68000000 (Base: 0x68000000, Size: 0x000f0000, Max: 0x000f0000, ABSOLUTE, UNINIT)

    Base Addr    Size         Type   Attr      Idx    E Section Name        Object

    0x68000000   0x000f0000   Zero   RW         1104    .ARM.__AT_0x68000000  malloc.o



  Load Region LR$$.ARM.__AT_0x680F0000 (Base: 0x680f0000, Size: 0x00000000, Max: 0x0000f000, ABSOLUTE)

    Execution Region ER$$.ARM.__AT_0x680F0000 (Base: 0x680f0000, Size: 0x0000f000, Max: 0x0000f000, ABSOLUTE, UNINIT)

    Base Addr    Size         Type   Attr      Idx    E Section Name        Object

    0x680f0000   0x0000f000   Zero   RW         1105    .ARM.__AT_0x680F0000  malloc.o


==============================================================================

Image component sizes


      Code (inc. data)   RO Data    RW Data    ZI Data      Debug   Object Name

       132         12          0          0          0       1167   bsp.o
      8812        176          0         20         15      44995   cjson.o
        52          0          0          0          0        360   cpu_a.o
       680         14        260          4         16      14423   cpu_core.o
       332         28          0          4          0       1841   delay.o
       764         14          0          0          0       2821   dht11.o
        76          8          0          0          0        523   led.o
       598          0          0          0          0       3724   lib_ascii.o
      2502         32          0          4       1096      21868   lib_mem.o
       544          0          0          0          0        508   lib_mem_a.o
      2348          6        148          0          0      13154   lib_str.o
      3320       1094          0         16      17756     283769   main.o
         0          0          0          0    1044480       1645   malloc.o
       220         22          0          0          0       1881   misc.o
      1904         34       3288          4          0       6965   oled.o
       252        166        164          0       5264      21026   os_cfg_app.o
      3588        294          0          0          0      12089   os_core.o
       152         32          0          0          0        416   os_cpu_a.o
       620         66          0          4          0       3877   os_cpu_c.o
       432        286        364          0          0       4845   os_dbg.o
      3624        110          0          0          0       7755   os_flag.o
      1092        146          0          0          0       2332   os_int.o
       568         20          0          0          0       2728   os_mem.o
       556         12          0          0          0       2787   os_msg.o
      2772        114          0          0          0       5446   os_mutex.o
       772         20          0          0          0       2947   os_pend_multi.o
       124          4          0          8          0       1840   os_prio.o
      2264         76          0          0          0       6128   os_q.o
      2096         70          0          0          0       6144   os_sem.o
      1592        180          0          0          0       2829   os_stat.o
      7096        270          0          0          0      13510   os_task.o
      1276         90          0          0          0       3289   os_tick.o
      1380         46          0          0          0       3225   os_time.o
      2072        140          0          0          0       6326   os_tmr.o
         0          0          0        200       1760      19421   os_var.o
         0          0          0          0          0        544   rc522.o
        36          8        304          0       7168        808   startup_stm32f10x_hd.o
       860         38          0          0          0       5733   stm32f10x_gpio.o
        22          0          0          0          0       1027   stm32f10x_it.o
       932         36          0         20          0       8940   stm32f10x_rcc.o
      1032         22          0          0          0       8452   stm32f10x_usart.o
         0          0          0          0          0         32   sys.o
       480         38          0         20          0       1823   system_stm32f10x.o
       476         64          0          6        200       3554   usart.o
       480         68          0          2       1200       2186   usart2.o
       600         90          0          2       1216       2532   usart3.o

    ----------------------------------------------------------------------
     59536       3946       4560        316    1080176     564235   Object Totals
         0          0         32          0          0          0   (incl. Generated)
         6          0          0          2          5          0   (incl. Padding)

    ----------------------------------------------------------------------

      Code (inc. data)   RO Data    RW Data    ZI Data      Debug   Library Member Name

        28          0          0          0          0         80   strtod.o
        56          8          0          0          0         84   __0sscanf.o
        86          0          0          0          0          0   __dczerorl2.o
       812          4          0          0          0        112   _scanf.o
        64          0          0          0          0         84   _sgetc.o
        40          6         64          0          0         68   ctype_c.o
         0          0          0          0          0          0   entry.o
         0          0          0          0          0          0   entry10a.o
         0          0          0          0          0          0   entry11a.o
         8          4          0          0          0          0   entry2.o
         4          0          0          0          0          0   entry5.o
         0          0          0          0          0          0   entry7b.o
         0          0          0          0          0          0   entry8b.o
         8          4          0          0          0          0   entry9a.o
        30          0          0          0          0          0   handlers.o
        36          8          0          0          0         68   init.o
        10          0          0          0          0         68   isspace_c.o
         0          0          0          0          0          0   iusefp.o
        30          0          0          0          0         68   llshl.o
        36          0          0          0          0         68   llsshr.o
        32          0          0          0          0         68   llushr.o
       360         30          0          0          0        356   mallocr.o
        36          0          0          0          0         68   memcpya.o
        36          0          0          0          0        108   memseta.o
         0          0          0          8          0          0   mvars.o
      2328        110          0          0          0        744   printfa.o
        40          8          0          0          0         84   scanf_char.o
       838         12          0          0          0        216   scanf_fp.o
        24          0          0          0          0         68   strcat.o
        28          0          0          0          0         76   strcmp.o
        18          0          0          0          0         68   strcpy.o
        14          0          0          0          0         68   strlen.o
        30          0          0          0          0         80   strncmp.o
        36          0          0          0          0         80   strstr.o
       156         14          0          0          0        120   strtod.o
        12          0          0          0          0         68   tolower.o
        44          0          0          0          0         80   uidiv.o
        98          0          0          0          0         92   uldiv.o
        48          0          0          0          0         68   cdcmple.o
        48          0          0          0          0         68   cdrcmple.o
        56          0          0          0          0         88   d2f.o
       334          0          0          0          0        148   dadd.o
       222          0          0          0          0        100   ddiv.o
       186          0          0          0          0        176   depilogue.o
        62          0          0          0          0         80   dfixi.o
        48          0          0          0          0         68   dfixul.o
        34          0          0          0          0         76   dflti.o
        24          0          0          0          0         76   dfltul.o
       228          0          0          0          0         96   dmul.o
        38          0          0          0          0         68   f2d.o
       110          0          0          0          0        168   fepilogue.o

    ----------------------------------------------------------------------
      6828        208         64          8          4       4424   Library Totals
        12          0          0          0          4          0   (incl. Padding)

    ----------------------------------------------------------------------

      Code (inc. data)   RO Data    RW Data    ZI Data      Debug   Library Name

        28          0          0          0          0         80   m_ws.l
      5350        208         64          8          0       3064   mc_w.l
      1438          0          0          0          0       1280   mf_w.l

    ----------------------------------------------------------------------
      6828        208         64          8          4       4424   Library Totals

    ----------------------------------------------------------------------

==============================================================================


      Code (inc. data)   RO Data    RW Data    ZI Data      Debug   

     66364       4154       4624        324    1080180     562807   Grand Totals
     66364       4154       4624         44    1080180     562807   ELF Image Totals (compressed)
     66364       4154       4624         44          0          0   ROM Totals

==============================================================================

    Total RO  Size (Code + RO Data)                70988 (  69.32kB)
    Total RW  Size (RW Data + ZI Data)           1080504 (1055.18kB)
    Total ROM Size (Code + RO Data + RW Data)      71032 (  69.37kB)

==============================================================================

